i= 2 j 2 k 2
                  index     close    closeX  ...        SMA1        EMA1     HISTO
0   2021-12-10 08:00:00  0.000072  0.000075  ...         NaN         NaN       NaN
0   2021-12-10 09:00:00  0.000067  0.000069  ...   96.132617         NaN       NaN
0   2021-12-10 10:00:00  0.000054  0.000072  ...   85.762579   89.219258 -3.456679
0   2021-12-10 11:00:00  0.000049  0.000067  ...   73.948324   79.038636 -5.090311
0   2021-12-10 12:00:00  0.000048  0.000054  ...   81.045583   80.376600  0.668982
..                  ...       ...       ...  ...         ...         ...       ...
0   2022-11-26 23:00:00  0.000027  0.000028  ...   99.618835   99.900190 -0.281354
0   2022-11-27 00:00:00  0.000028  0.000027  ...   99.837169   99.858176 -0.021007
0   2022-11-27 01:00:00  0.000028  0.000027  ...  101.004533  100.622414  0.382119
0   2022-11-27 02:00:00  0.000028  0.000028  ...  100.985613  100.864546  0.121066
0   2022-11-27 03:00:00  0.000028  0.000028  ...  100.145241  100.385009 -0.239769

[8444 rows x 7 columns]
i= 2 j 2 k 3
                  index     close    closeX  ...        SMA1        EMA1     HISTO
0   2021-12-10 08:00:00  0.000072  0.000075  ...         NaN         NaN       NaN
0   2021-12-10 09:00:00  0.000067  0.000069  ...   96.132617         NaN       NaN
0   2021-12-10 10:00:00  0.000054  0.000072  ...   85.762579         NaN       NaN
0   2021-12-10 11:00:00  0.000049  0.000067  ...   73.948324   82.447961 -8.499637
0   2021-12-10 12:00:00  0.000048  0.000054  ...   81.045583   81.746772 -0.701189
..                  ...       ...       ...  ...         ...         ...       ...
0   2022-11-26 23:00:00  0.000027  0.000028  ...   99.618835  100.072950 -0.454115
0   2022-11-27 00:00:00  0.000028  0.000027  ...   99.837169   99.955060 -0.117891
0   2022-11-27 01:00:00  0.000028  0.000027  ...  101.004533  100.479796  0.524737
0   2022-11-27 02:00:00  0.000028  0.000028  ...  100.985613  100.732705  0.252908
0   2022-11-27 03:00:00  0.000028  0.000028  ...  100.145241  100.438973 -0.293732

[8444 rows x 7 columns]
i= 2 j 2 k 4
                  index     close    closeX  ...        SMA1        EMA1     HISTO
0   2021-12-10 08:00:00  0.000072  0.000075  ...         NaN         NaN       NaN
0   2021-12-10 09:00:00  0.000067  0.000069  ...   96.132617         NaN       NaN
0   2021-12-10 10:00:00  0.000054  0.000072  ...   85.762579         NaN       NaN
0   2021-12-10 11:00:00  0.000049  0.000067  ...   73.948324         NaN       NaN
0   2021-12-10 12:00:00  0.000048  0.000054  ...   81.045583   83.280288 -2.234705
..                  ...       ...       ...  ...         ...         ...       ...
0   2022-11-26 23:00:00  0.000027  0.000028  ...   99.618835  100.167069 -0.548233
0   2022-11-27 00:00:00  0.000028  0.000027  ...   99.837169  100.035109 -0.197940
0   2022-11-27 01:00:00  0.000028  0.000027  ...  101.004533  100.422879  0.581655
0   2022-11-27 02:00:00  0.000028  0.000028  ...  100.985613  100.647972  0.337640
0   2022-11-27 03:00:00  0.000028  0.000028  ...  100.145241  100.446880 -0.301639

[8444 rows x 7 columns]
i= 2 j 2 k 5
                  index     close    closeX  ...        SMA1        EMA1     HISTO
0   2021-12-10 08:00:00  0.000072  0.000075  ...         NaN         NaN       NaN
0   2021-12-10 09:00:00  0.000067  0.000069  ...   96.132617         NaN       NaN
0   2021-12-10 10:00:00  0.000054  0.000072  ...   85.762579         NaN       NaN
0   2021-12-10 11:00:00  0.000049  0.000067  ...   73.948324         NaN       NaN
0   2021-12-10 12:00:00  0.000048  0.000054  ...   81.045583         NaN       NaN
..                  ...       ...       ...  ...         ...         ...       ...
0   2022-11-26 23:00:00  0.000027  0.000028  ...   99.618835  100.214628 -0.595793
0   2022-11-27 00:00:00  0.000028  0.000027  ...   99.837169  100.088808 -0.251639
0   2022-11-27 01:00:00  0.000028  0.000027  ...  101.004533  100.394050  0.610483
0   2022-11-27 02:00:00  0.000028  0.000028  ...  100.985613  100.591237  0.394375
0   2022-11-27 03:00:00  0.000028  0.000028  ...  100.145241  100.442572 -0.297331

[8444 rows x 7 columns]
i= 2 j 3 k 2
                  index     close    closeX  ...        SMA1        EMA1     HISTO
0   2021-12-10 08:00:00  0.000072  0.000075  ...         NaN         NaN       NaN
0   2021-12-10 09:00:00  0.000067  0.000069  ...         NaN         NaN       NaN
0   2021-12-10 10:00:00  0.000054  0.000072  ...   89.125407         NaN       NaN
0   2021-12-10 11:00:00  0.000049  0.000067  ...   81.436940   83.999762 -2.562823
0   2021-12-10 12:00:00  0.000048  0.000054  ...   79.067384   80.711510 -1.644126
..                  ...       ...       ...  ...         ...         ...       ...
0   2022-11-26 23:00:00  0.000027  0.000028  ...   99.952854  100.170972 -0.218118
0   2022-11-27 00:00:00  0.000028  0.000027  ...   99.879320   99.976538 -0.097217
0   2022-11-27 01:00:00  0.000028  0.000027  ...  100.427704  100.277316  0.150389
0   2022-11-27 02:00:00  0.000028  0.000028  ...  100.790505  100.619442  0.171063
0   2022-11-27 03:00:00  0.000028  0.000028  ...  100.633086  100.628538  0.004548

[8444 rows x 7 columns]
i= 2 j 3 k 3
                  index     close    closeX  ...        SMA1        EMA1     HISTO
0   2021-12-10 08:00:00  0.000072  0.000075  ...         NaN         NaN       NaN
0   2021-12-10 09:00:00  0.000067  0.000069  ...         NaN         NaN       NaN
0   2021-12-10 10:00:00  0.000054  0.000072  ...   89.125407         NaN       NaN
0   2021-12-10 11:00:00  0.000049  0.000067  ...   81.436940         NaN       NaN
0   2021-12-10 12:00:00  0.000048  0.000054  ...   79.067384   82.174279 -3.106895
..                  ...       ...       ...  ...         ...         ...       ...
0   2022-11-26 23:00:00  0.000027  0.000028  ...   99.952854  100.286927 -0.334073
0   2022-11-27 00:00:00  0.000028  0.000027  ...   99.879320  100.083123 -0.203803
0   2022-11-27 01:00:00  0.000028  0.000027  ...  100.427704  100.255414  0.172290
0   2022-11-27 02:00:00  0.000028  0.000028  ...  100.790505  100.522960  0.267546
0   2022-11-27 03:00:00  0.000028  0.000028  ...  100.633086  100.578023  0.055063

[8444 rows x 7 columns]
i= 2 j 3 k 4
                  index     close    closeX  ...        SMA1        EMA1     HISTO
0   2021-12-10 08:00:00  0.000072  0.000075  ...         NaN         NaN       NaN
0   2021-12-10 09:00:00  0.000067  0.000069  ...         NaN         NaN       NaN
0   2021-12-10 10:00:00  0.000054  0.000072  ...   89.125407         NaN       NaN
0   2021-12-10 11:00:00  0.000049  0.000067  ...   81.436940         NaN       NaN
0   2021-12-10 12:00:00  0.000048  0.000054  ...   79.067384         NaN       NaN
..                  ...       ...       ...  ...         ...         ...       ...
0   2022-11-26 23:00:00  0.000027  0.000028  ...   99.952854  100.336309 -0.383456
0   2022-11-27 00:00:00  0.000028  0.000027  ...   99.879320  100.153514 -0.274193
0   2022-11-27 01:00:00  0.000028  0.000027  ...  100.427704  100.263190  0.164514
0   2022-11-27 02:00:00  0.000028  0.000028  ...  100.790505  100.474116  0.316389
0   2022-11-27 03:00:00  0.000028  0.000028  ...  100.633086  100.537704  0.095382

[8444 rows x 7 columns]
i= 2 j 3 k 5
                  index     close    closeX  ...        SMA1        EMA1     HISTO
0   2021-12-10 08:00:00  0.000072  0.000075  ...         NaN         NaN       NaN
0   2021-12-10 09:00:00  0.000067  0.000069  ...         NaN         NaN       NaN
0   2021-12-10 10:00:00  0.000054  0.000072  ...   89.125407         NaN       NaN
0   2021-12-10 11:00:00  0.000049  0.000067  ...   81.436940         NaN       NaN
0   2021-12-10 12:00:00  0.000048  0.000054  ...   79.067384         NaN       NaN
..                  ...       ...       ...  ...         ...         ...       ...
0   2022-11-26 23:00:00  0.000027  0.000028  ...   99.952854  100.350520 -0.397666
0   2022-11-27 00:00:00  0.000028  0.000027  ...   99.879320  100.193454 -0.314133
0   2022-11-27 01:00:00  0.000028  0.000027  ...  100.427704  100.271537  0.156167
0   2022-11-27 02:00:00  0.000028  0.000028  ...  100.790505  100.444527  0.345979
0   2022-11-27 03:00:00  0.000028  0.000028  ...  100.633086  100.507380  0.125706

[8444 rows x 7 columns]
i= 2 j 4 k 2
                  index     close    closeX  ...        SMA1        EMA1     HISTO
0   2021-12-10 08:00:00  0.000072  0.000075  ...         NaN         NaN       NaN
0   2021-12-10 09:00:00  0.000067  0.000069  ...         NaN         NaN       NaN
0   2021-12-10 10:00:00  0.000054  0.000072  ...         NaN         NaN       NaN
0   2021-12-10 11:00:00  0.000049  0.000067  ...   85.040471         NaN       NaN
0   2021-12-10 12:00:00  0.000048  0.000054  ...   83.404081   83.949544 -0.545463
..                  ...       ...       ...  ...         ...         ...       ...
0   2022-11-26 23:00:00  0.000027  0.000028  ...  100.184824  100.352186 -0.167362
0   2022-11-27 00:00:00  0.000028  0.000027  ...  100.064713  100.160537 -0.095824
0   2022-11-27 01:00:00  0.000028  0.000027  ...  100.311684  100.261302  0.050382
0   2022-11-27 02:00:00  0.000028  0.000028  ...  100.411391  100.361361  0.050030
0   2022-11-27 03:00:00  0.000028  0.000028  ...  100.574887  100.503712  0.071175

[8444 rows x 7 columns]
i= 2 j 4 k 3
                  index     close    closeX  ...        SMA1        EMA1     HISTO
0   2021-12-10 08:00:00  0.000072  0.000075  ...         NaN         NaN       NaN
0   2021-12-10 09:00:00  0.000067  0.000069  ...         NaN         NaN       NaN
0   2021-12-10 10:00:00  0.000054  0.000072  ...         NaN         NaN       NaN
0   2021-12-10 11:00:00  0.000049  0.000067  ...   85.040471         NaN       NaN
0   2021-12-10 12:00:00  0.000048  0.000054  ...   83.404081         NaN       NaN
..                  ...       ...       ...  ...         ...         ...       ...
0   2022-11-26 23:00:00  0.000027  0.000028  ...  100.184824  100.417412 -0.232588
0   2022-11-27 00:00:00  0.000028  0.000027  ...  100.064713  100.241062 -0.176349
0   2022-11-27 01:00:00  0.000028  0.000027  ...  100.311684  100.276373  0.035311
0   2022-11-27 02:00:00  0.000028  0.000028  ...  100.411391  100.343882  0.067509
0   2022-11-27 03:00:00  0.000028  0.000028  ...  100.574887  100.459385  0.115502

[8444 rows x 7 columns]
i= 2 j 4 k 4
                  index     close    closeX  ...        SMA1        EMA1     HISTO
0   2021-12-10 08:00:00  0.000072  0.000075  ...         NaN         NaN       NaN
0   2021-12-10 09:00:00  0.000067  0.000069  ...         NaN         NaN       NaN
0   2021-12-10 10:00:00  0.000054  0.000072  ...         NaN         NaN       NaN
0   2021-12-10 11:00:00  0.000049  0.000067  ...   85.040471         NaN       NaN
0   2021-12-10 12:00:00  0.000048  0.000054  ...   83.404081         NaN       NaN
..                  ...       ...       ...  ...         ...         ...       ...
0   2022-11-26 23:00:00  0.000027  0.000028  ...  100.184824  100.429913 -0.245089
0   2022-11-27 00:00:00  0.000028  0.000027  ...  100.064713  100.283833 -0.219120
0   2022-11-27 01:00:00  0.000028  0.000027  ...  100.311684  100.294974  0.016711
0   2022-11-27 02:00:00  0.000028  0.000028  ...  100.411391  100.341541  0.069850
0   2022-11-27 03:00:00  0.000028  0.000028  ...  100.574887  100.434879  0.140008

[8444 rows x 7 columns]
i= 2 j 4 k 5
                  index     close    closeX  ...        SMA1        EMA1     HISTO
0   2021-12-10 08:00:00  0.000072  0.000075  ...         NaN         NaN       NaN
0   2021-12-10 09:00:00  0.000067  0.000069  ...         NaN         NaN       NaN
0   2021-12-10 10:00:00  0.000054  0.000072  ...         NaN         NaN       NaN
0   2021-12-10 11:00:00  0.000049  0.000067  ...   85.040471         NaN       NaN
0   2021-12-10 12:00:00  0.000048  0.000054  ...   83.404081         NaN       NaN
..                  ...       ...       ...  ...         ...         ...       ...
0   2022-11-26 23:00:00  0.000027  0.000028  ...  100.184824  100.418643 -0.233819
0   2022-11-27 00:00:00  0.000028  0.000027  ...  100.064713  100.300666 -0.235953
0   2022-11-27 01:00:00  0.000028  0.000027  ...  100.311684  100.304339  0.007345
0   2022-11-27 02:00:00  0.000028  0.000028  ...  100.411391  100.340023  0.071368
0   2022-11-27 03:00:00  0.000028  0.000028  ...  100.574887  100.418311  0.156576

[8444 rows x 7 columns]
i= 2 j 5 k 2
                  index     close    closeX  ...        SMA1        EMA1     HISTO
0   2021-12-10 08:00:00  0.000072  0.000075  ...         NaN         NaN       NaN
0   2021-12-10 09:00:00  0.000067  0.000069  ...         NaN         NaN       NaN
0   2021-12-10 10:00:00  0.000054  0.000072  ...         NaN         NaN       NaN
0   2021-12-10 11:00:00  0.000049  0.000067  ...         NaN         NaN       NaN
0   2021-12-10 12:00:00  0.000048  0.000054  ...   85.893477         NaN       NaN
..                  ...       ...       ...  ...         ...         ...       ...
0   2022-11-26 23:00:00  0.000027  0.000028  ...  100.384371  100.466951 -0.082580
0   2022-11-27 00:00:00  0.000028  0.000027  ...  100.227917  100.307595 -0.079678
0   2022-11-27 01:00:00  0.000028  0.000027  ...  100.373526  100.351549  0.021977
0   2022-11-27 02:00:00  0.000028  0.000028  ...  100.321837  100.331741 -0.009904
0   2022-11-27 03:00:00  0.000028  0.000028  ...  100.314719  100.320393 -0.005674

[8444 rows x 7 columns]
i= 2 j 5 k 3
                  index     close    closeX  ...        SMA1        EMA1     HISTO
0   2021-12-10 08:00:00  0.000072  0.000075  ...         NaN         NaN       NaN
0   2021-12-10 09:00:00  0.000067  0.000069  ...         NaN         NaN       NaN
0   2021-12-10 10:00:00  0.000054  0.000072  ...         NaN         NaN       NaN
0   2021-12-10 11:00:00  0.000049  0.000067  ...         NaN         NaN       NaN
0   2021-12-10 12:00:00  0.000048  0.000054  ...   85.893477         NaN       NaN
..                  ...       ...       ...  ...         ...         ...       ...
0   2022-11-26 23:00:00  0.000027  0.000028  ...  100.384371  100.481329 -0.096959
0   2022-11-27 00:00:00  0.000028  0.000027  ...  100.227917  100.354623 -0.126706
0   2022-11-27 01:00:00  0.000028  0.000027  ...  100.373526  100.364074  0.009451
0   2022-11-27 02:00:00  0.000028  0.000028  ...  100.321837  100.342956 -0.021119
0   2022-11-27 03:00:00  0.000028  0.000028  ...  100.314719  100.328837 -0.014118

[8444 rows x 7 columns]
i= 2 j 5 k 4
                  index     close    closeX  ...        SMA1        EMA1     HISTO
0   2021-12-10 08:00:00  0.000072  0.000075  ...         NaN         NaN       NaN
0   2021-12-10 09:00:00  0.000067  0.000069  ...         NaN         NaN       NaN
0   2021-12-10 10:00:00  0.000054  0.000072  ...         NaN         NaN       NaN
0   2021-12-10 11:00:00  0.000049  0.000067  ...         NaN         NaN       NaN
0   2021-12-10 12:00:00  0.000048  0.000054  ...   85.893477         NaN       NaN
..                  ...       ...       ...  ...         ...         ...       ...
0   2022-11-26 23:00:00  0.000027  0.000028  ...  100.384371  100.463408 -0.079037
0   2022-11-27 00:00:00  0.000028  0.000027  ...  100.227917  100.369211 -0.141294
0   2022-11-27 01:00:00  0.000028  0.000027  ...  100.373526  100.370937  0.002588
0   2022-11-27 02:00:00  0.000028  0.000028  ...  100.321837  100.351297 -0.029460
0   2022-11-27 03:00:00  0.000028  0.000028  ...  100.314719  100.336666 -0.021947

[8444 rows x 7 columns]
i= 2 j 5 k 5
                  index     close    closeX  ...        SMA1        EMA1     HISTO
0   2021-12-10 08:00:00  0.000072  0.000075  ...         NaN         NaN       NaN
0   2021-12-10 09:00:00  0.000067  0.000069  ...         NaN         NaN       NaN
0   2021-12-10 10:00:00  0.000054  0.000072  ...         NaN         NaN       NaN
0   2021-12-10 11:00:00  0.000049  0.000067  ...         NaN         NaN       NaN
0   2021-12-10 12:00:00  0.000048  0.000054  ...   85.893477         NaN       NaN
..                  ...       ...       ...  ...         ...         ...       ...
0   2022-11-26 23:00:00  0.000027  0.000028  ...  100.384371  100.433744 -0.049374
0   2022-11-27 00:00:00  0.000028  0.000027  ...  100.227917  100.365135 -0.137218
0   2022-11-27 01:00:00  0.000028  0.000027  ...  100.373526  100.367932  0.005594
0   2022-11-27 02:00:00  0.000028  0.000028  ...  100.321837  100.352567 -0.030730
0   2022-11-27 03:00:00  0.000028  0.000028  ...  100.314719  100.339951 -0.025232

[8444 rows x 7 columns]
i= 3 j 2 k 2
                  index     close    closeX  ...        SMA1        EMA1     HISTO
0   2021-12-10 09:00:00  0.000067  0.000075  ...         NaN         NaN       NaN
0   2021-12-10 10:00:00  0.000054  0.000069  ...   83.497923         NaN       NaN
0   2021-12-10 11:00:00  0.000049  0.000072  ...   72.786014   76.356650 -3.570636
0   2021-12-10 12:00:00  0.000048  0.000067  ...   69.911756   72.060054 -2.148298
0   2021-12-10 13:00:00  0.000044  0.000054  ...   77.021486   75.367675  1.653811
..                  ...       ...       ...  ...         ...         ...       ...
0   2022-11-26 23:00:00  0.000027  0.000027  ...   99.927977  100.255973 -0.327996
0   2022-11-27 00:00:00  0.000028  0.000028  ...   99.817957   99.963962 -0.146005
0   2022-11-27 01:00:00  0.000028  0.000027  ...  100.636642  100.412415  0.224226
0   2022-11-27 02:00:00  0.000028  0.000027  ...  101.185619  100.927884  0.257734
0   2022-11-27 03:00:00  0.000028  0.000028  ...  100.947777  100.941146  0.006631

[8443 rows x 7 columns]
i= 3 j 2 k 3
                  index     close    closeX  ...        SMA1        EMA1     HISTO
0   2021-12-10 09:00:00  0.000067  0.000075  ...         NaN         NaN       NaN
0   2021-12-10 10:00:00  0.000054  0.000069  ...   83.497923         NaN       NaN
0   2021-12-10 11:00:00  0.000049  0.000072  ...   72.786014         NaN       NaN
0   2021-12-10 12:00:00  0.000048  0.000067  ...   69.911756   74.026862 -4.115106
0   2021-12-10 13:00:00  0.000044  0.000054  ...   77.021486   75.524174  1.497312
..                  ...       ...       ...  ...         ...         ...       ...
0   2022-11-26 23:00:00  0.000027  0.000027  ...   99.927977  100.430378 -0.502401
0   2022-11-27 00:00:00  0.000028  0.000028  ...   99.817957  100.124167 -0.306210
0   2022-11-27 01:00:00  0.000028  0.000027  ...  100.636642  100.380405  0.256237
0   2022-11-27 02:00:00  0.000028  0.000027  ...  101.185619  100.783012  0.402607
0   2022-11-27 03:00:00  0.000028  0.000028  ...  100.947777  100.865395  0.082383

[8443 rows x 7 columns]
i= 3 j 2 k 4
                  index     close    closeX  ...        SMA1        EMA1     HISTO
0   2021-12-10 09:00:00  0.000067  0.000075  ...         NaN         NaN       NaN
0   2021-12-10 10:00:00  0.000054  0.000069  ...   83.497923         NaN       NaN
0   2021-12-10 11:00:00  0.000049  0.000072  ...   72.786014         NaN       NaN
0   2021-12-10 12:00:00  0.000048  0.000067  ...   69.911756         NaN       NaN
0   2021-12-10 13:00:00  0.000044  0.000054  ...   77.021486   76.104153  0.917333
..                  ...       ...       ...  ...         ...         ...       ...
0   2022-11-26 23:00:00  0.000027  0.000027  ...   99.927977  100.504671 -0.576694
0   2022-11-27 00:00:00  0.000028  0.000028  ...   99.817957  100.229985 -0.412028
0   2022-11-27 01:00:00  0.000028  0.000027  ...  100.636642  100.392648  0.243994
0   2022-11-27 02:00:00  0.000028  0.000027  ...  101.185619  100.709836  0.475783
0   2022-11-27 03:00:00  0.000028  0.000028  ...  100.947777  100.805013  0.142765

[8443 rows x 7 columns]
i= 3 j 2 k 5
                  index     close    closeX  ...        SMA1        EMA1     HISTO
0   2021-12-10 09:00:00  0.000067  0.000075  ...         NaN         NaN       NaN
0   2021-12-10 10:00:00  0.000054  0.000069  ...   83.497923         NaN       NaN
0   2021-12-10 11:00:00  0.000049  0.000072  ...   72.786014         NaN       NaN
0   2021-12-10 12:00:00  0.000048  0.000067  ...   69.911756         NaN       NaN
0   2021-12-10 13:00:00  0.000044  0.000054  ...   77.021486         NaN       NaN
..                  ...       ...       ...  ...         ...         ...       ...
0   2022-11-26 23:00:00  0.000027  0.000027  ...   99.927977  100.526072 -0.598095
0   2022-11-27 00:00:00  0.000028  0.000028  ...   99.817957  100.290034 -0.472077
0   2022-11-27 01:00:00  0.000028  0.000027  ...  100.636642  100.405570  0.231072
0   2022-11-27 02:00:00  0.000028  0.000027  ...  101.185619  100.665586  0.520033
0   2022-11-27 03:00:00  0.000028  0.000028  ...  100.947777  100.759650  0.188127

[8443 rows x 7 columns]
i= 3 j 3 k 2
                  index     close    closeX  ...        SMA1        EMA1     HISTO
0   2021-12-10 09:00:00  0.000067  0.000075  ...         NaN         NaN       NaN
0   2021-12-10 10:00:00  0.000054  0.000069  ...         NaN         NaN       NaN
0   2021-12-10 11:00:00  0.000049  0.000072  ...   78.200428         NaN       NaN
0   2021-12-10 12:00:00  0.000048  0.000067  ...   72.596700   74.464610 -1.867909
0   2021-12-10 13:00:00  0.000044  0.000054  ...   73.882803   74.076739 -0.193935
..                  ...       ...       ...  ...         ...         ...       ...
0   2022-11-26 23:00:00  0.000027  0.000027  ...  100.318957  100.565759 -0.246802
0   2022-11-27 00:00:00  0.000028  0.000028  ...  100.000382  100.188841 -0.188459
0   2022-11-27 01:00:00  0.000028  0.000027  ...  100.254669  100.232726  0.021943
0   2022-11-27 02:00:00  0.000028  0.000027  ...  100.838809  100.636782  0.202028
0   2022-11-27 03:00:00  0.000028  0.000028  ...  101.007883  100.884182  0.123700

[8443 rows x 7 columns]
i= 3 j 3 k 3
                  index     close    closeX  ...        SMA1        EMA1     HISTO
0   2021-12-10 09:00:00  0.000067  0.000075  ...         NaN         NaN       NaN
0   2021-12-10 10:00:00  0.000054  0.000069  ...         NaN         NaN       NaN
0   2021-12-10 11:00:00  0.000049  0.000072  ...   78.200428         NaN       NaN
0   2021-12-10 12:00:00  0.000048  0.000067  ...   72.596700         NaN       NaN
0   2021-12-10 13:00:00  0.000044  0.000054  ...   73.882803   74.640684 -0.757880
..                  ...       ...       ...  ...         ...         ...       ...
0   2022-11-26 23:00:00  0.000027  0.000027  ...  100.318957  100.660905 -0.341948
0   2022-11-27 00:00:00  0.000028  0.000028  ...  100.000382  100.330643 -0.330262
0   2022-11-27 01:00:00  0.000028  0.000027  ...  100.254669  100.292656 -0.037987
0   2022-11-27 02:00:00  0.000028  0.000027  ...  100.838809  100.565733  0.273077
0   2022-11-27 03:00:00  0.000028  0.000028  ...  101.007883  100.786808  0.221075

[8443 rows x 7 columns]
i= 3 j 3 k 4
                  index     close    closeX  ...        SMA1        EMA1     HISTO
0   2021-12-10 09:00:00  0.000067  0.000075  ...         NaN         NaN       NaN
0   2021-12-10 10:00:00  0.000054  0.000069  ...         NaN         NaN       NaN
0   2021-12-10 11:00:00  0.000049  0.000072  ...   78.200428         NaN       NaN
0   2021-12-10 12:00:00  0.000048  0.000067  ...   72.596700         NaN       NaN
0   2021-12-10 13:00:00  0.000044  0.000054  ...   73.882803         NaN       NaN
..                  ...       ...       ...  ...         ...         ...       ...
0   2022-11-26 23:00:00  0.000027  0.000027  ...  100.318957  100.676483 -0.357526
0   2022-11-27 00:00:00  0.000028  0.000028  ...  100.000382  100.406043 -0.405661
0   2022-11-27 01:00:00  0.000028  0.000027  ...  100.254669  100.345493 -0.090824
0   2022-11-27 02:00:00  0.000028  0.000027  ...  100.838809  100.542820  0.295990
0   2022-11-27 03:00:00  0.000028  0.000028  ...  101.007883  100.728845  0.279038

[8443 rows x 7 columns]
i= 3 j 3 k 5
                  index     close    closeX  ...        SMA1        EMA1     HISTO
0   2021-12-10 09:00:00  0.000067  0.000075  ...         NaN         NaN       NaN
0   2021-12-10 10:00:00  0.000054  0.000069  ...         NaN         NaN       NaN
0   2021-12-10 11:00:00  0.000049  0.000072  ...   78.200428         NaN       NaN
0   2021-12-10 12:00:00  0.000048  0.000067  ...   72.596700         NaN       NaN
0   2021-12-10 13:00:00  0.000044  0.000054  ...   73.882803         NaN       NaN
..                  ...       ...       ...  ...         ...         ...       ...
0   2022-11-26 23:00:00  0.000027  0.000027  ...  100.318957  100.656414 -0.337457
0   2022-11-27 00:00:00  0.000028  0.000028  ...  100.000382  100.437737 -0.437355
0   2022-11-27 01:00:00  0.000028  0.000027  ...  100.254669  100.376714 -0.122045
0   2022-11-27 02:00:00  0.000028  0.000027  ...  100.838809  100.530746  0.308064
0   2022-11-27 03:00:00  0.000028  0.000028  ...  101.007883  100.689791  0.318091

[8443 rows x 7 columns]
i= 3 j 4 k 2
                  index     close    closeX  ...        SMA1        EMA1     HISTO
0   2021-12-10 09:00:00  0.000067  0.000075  ...         NaN         NaN       NaN
0   2021-12-10 10:00:00  0.000054  0.000069  ...         NaN         NaN       NaN
0   2021-12-10 11:00:00  0.000049  0.000072  ...         NaN         NaN       NaN
0   2021-12-10 12:00:00  0.000048  0.000067  ...   76.704839         NaN       NaN
0   2021-12-10 13:00:00  0.000044  0.000054  ...   74.903750   75.504113 -0.600363
..                  ...       ...       ...  ...         ...         ...       ...
0   2022-11-26 23:00:00  0.000027  0.000027  ...  100.636483  100.762859 -0.126376
0   2022-11-27 00:00:00  0.000028  0.000028  ...  100.275515  100.437963 -0.162448
0   2022-11-27 01:00:00  0.000028  0.000027  ...  100.282309  100.334194 -0.051885
0   2022-11-27 02:00:00  0.000028  0.000027  ...  100.501788  100.445923  0.055865
0   2022-11-27 03:00:00  0.000028  0.000028  ...  100.792210  100.676781  0.115429

[8443 rows x 7 columns]
i= 3 j 4 k 3
                  index     close    closeX  ...        SMA1        EMA1     HISTO
0   2021-12-10 09:00:00  0.000067  0.000075  ...         NaN         NaN       NaN
0   2021-12-10 10:00:00  0.000054  0.000069  ...         NaN         NaN       NaN
0   2021-12-10 11:00:00  0.000049  0.000072  ...         NaN         NaN       NaN
0   2021-12-10 12:00:00  0.000048  0.000067  ...   76.704839         NaN       NaN
0   2021-12-10 13:00:00  0.000044  0.000054  ...   74.903750         NaN       NaN
..                  ...       ...       ...  ...         ...         ...       ...
0   2022-11-26 23:00:00  0.000027  0.000027  ...  100.636483  100.781430 -0.144947
0   2022-11-27 00:00:00  0.000028  0.000028  ...  100.275515  100.528473 -0.252957
0   2022-11-27 01:00:00  0.000028  0.000027  ...  100.282309  100.405391 -0.123082
0   2022-11-27 02:00:00  0.000028  0.000027  ...  100.501788  100.453590  0.048198
0   2022-11-27 03:00:00  0.000028  0.000028  ...  100.792210  100.622900  0.169310

[8443 rows x 7 columns]
i= 3 j 4 k 4
                  index     close    closeX  ...        SMA1        EMA1     HISTO
0   2021-12-10 09:00:00  0.000067  0.000075  ...         NaN         NaN       NaN
0   2021-12-10 10:00:00  0.000054  0.000069  ...         NaN         NaN       NaN
0   2021-12-10 11:00:00  0.000049  0.000072  ...         NaN         NaN       NaN
0   2021-12-10 12:00:00  0.000048  0.000067  ...   76.704839         NaN       NaN
0   2021-12-10 13:00:00  0.000044  0.000054  ...   74.903750         NaN       NaN
..                  ...       ...       ...  ...         ...         ...       ...
0   2022-11-26 23:00:00  0.000027  0.000027  ...  100.636483  100.748922 -0.112438
0   2022-11-27 00:00:00  0.000028  0.000028  ...  100.275515  100.559559 -0.284044
0   2022-11-27 01:00:00  0.000028  0.000027  ...  100.282309  100.448659 -0.166350
0   2022-11-27 02:00:00  0.000028  0.000027  ...  100.501788  100.469911  0.031877
0   2022-11-27 03:00:00  0.000028  0.000028  ...  100.792210  100.598830  0.193379

[8443 rows x 7 columns]
i= 3 j 4 k 5
                  index     close    closeX  ...        SMA1        EMA1     HISTO
0   2021-12-10 09:00:00  0.000067  0.000075  ...         NaN         NaN       NaN
0   2021-12-10 10:00:00  0.000054  0.000069  ...         NaN         NaN       NaN
0   2021-12-10 11:00:00  0.000049  0.000072  ...         NaN         NaN       NaN
0   2021-12-10 12:00:00  0.000048  0.000067  ...   76.704839         NaN       NaN
0   2021-12-10 13:00:00  0.000044  0.000054  ...   74.903750         NaN       NaN
..                  ...       ...       ...  ...         ...         ...       ...
0   2022-11-26 23:00:00  0.000027  0.000027  ...  100.636483  100.698608 -0.062124
0   2022-11-27 00:00:00  0.000028  0.000028  ...  100.275515  100.557577 -0.282061
0   2022-11-27 01:00:00  0.000028  0.000027  ...  100.282309  100.465821 -0.183512
0   2022-11-27 02:00:00  0.000028  0.000027  ...  100.501788  100.477810  0.023978
0   2022-11-27 03:00:00  0.000028  0.000028  ...  100.792210  100.582610  0.209600

[8443 rows x 7 columns]
i= 3 j 5 k 2
                  index     close    closeX  ...        SMA1        EMA1     HISTO
0   2021-12-10 09:00:00  0.000067  0.000075  ...         NaN         NaN       NaN
0   2021-12-10 10:00:00  0.000054  0.000069  ...         NaN         NaN       NaN
0   2021-12-10 11:00:00  0.000049  0.000072  ...         NaN         NaN       NaN
0   2021-12-10 12:00:00  0.000048  0.000067  ...         NaN         NaN       NaN
0   2021-12-10 13:00:00  0.000044  0.000054  ...   77.728851         NaN       NaN
..                  ...       ...       ...  ...         ...         ...       ...
0   2022-11-26 23:00:00  0.000027  0.000027  ...  100.723288  100.787158 -0.063870
0   2022-11-27 00:00:00  0.000028  0.000028  ...  100.538225  100.621202 -0.082978
0   2022-11-27 01:00:00  0.000028  0.000027  ...  100.446031  100.504421 -0.058390
0   2022-11-27 02:00:00  0.000028  0.000027  ...  100.474476  100.484458 -0.009982
0   2022-11-27 03:00:00  0.000028  0.000028  ...  100.531912  100.516094  0.015818

[8443 rows x 7 columns]
i= 3 j 5 k 3
                  index     close    closeX  ...        SMA1        EMA1     HISTO
0   2021-12-10 09:00:00  0.000067  0.000075  ...         NaN         NaN       NaN
0   2021-12-10 10:00:00  0.000054  0.000069  ...         NaN         NaN       NaN
0   2021-12-10 11:00:00  0.000049  0.000072  ...         NaN         NaN       NaN
0   2021-12-10 12:00:00  0.000048  0.000067  ...         NaN         NaN       NaN
0   2021-12-10 13:00:00  0.000044  0.000054  ...   77.728851         NaN       NaN
..                  ...       ...       ...  ...         ...         ...       ...
0   2022-11-26 23:00:00  0.000027  0.000027  ...  100.723288  100.764533 -0.041246
0   2022-11-27 00:00:00  0.000028  0.000028  ...  100.538225  100.651379 -0.113154
0   2022-11-27 01:00:00  0.000028  0.000027  ...  100.446031  100.548705 -0.102674
0   2022-11-27 02:00:00  0.000028  0.000027  ...  100.474476  100.511591 -0.037114
0   2022-11-27 03:00:00  0.000028  0.000028  ...  100.531912  100.521752  0.010161

[8443 rows x 7 columns]
i= 3 j 5 k 4
                  index     close    closeX  ...        SMA1        EMA1     HISTO
0   2021-12-10 09:00:00  0.000067  0.000075  ...         NaN         NaN       NaN
0   2021-12-10 10:00:00  0.000054  0.000069  ...         NaN         NaN       NaN
0   2021-12-10 11:00:00  0.000049  0.000072  ...         NaN         NaN       NaN
0   2021-12-10 12:00:00  0.000048  0.000067  ...         NaN         NaN       NaN
0   2021-12-10 13:00:00  0.000044  0.000054  ...   77.728851         NaN       NaN
..                  ...       ...       ...  ...         ...         ...       ...
0   2022-11-26 23:00:00  0.000027  0.000027  ...  100.723288  100.709341  0.013947
0   2022-11-27 00:00:00  0.000028  0.000028  ...  100.538225  100.640895 -0.102670
0   2022-11-27 01:00:00  0.000028  0.000027  ...  100.446031  100.562949 -0.116918
0   2022-11-27 02:00:00  0.000028  0.000027  ...  100.474476  100.527560 -0.053084
0   2022-11-27 03:00:00  0.000028  0.000028  ...  100.531912  100.529301  0.002611

[8443 rows x 7 columns]
i= 3 j 5 k 5
                  index     close    closeX  ...        SMA1        EMA1     HISTO
0   2021-12-10 09:00:00  0.000067  0.000075  ...         NaN         NaN       NaN
0   2021-12-10 10:00:00  0.000054  0.000069  ...         NaN         NaN       NaN
0   2021-12-10 11:00:00  0.000049  0.000072  ...         NaN         NaN       NaN
0   2021-12-10 12:00:00  0.000048  0.000067  ...         NaN         NaN       NaN
0   2021-12-10 13:00:00  0.000044  0.000054  ...   77.728851         NaN       NaN
..                  ...       ...       ...  ...         ...         ...       ...
0   2022-11-26 23:00:00  0.000027  0.000027  ...  100.723288  100.647536  0.075751
0   2022-11-27 00:00:00  0.000028  0.000028  ...  100.538225  100.611099 -0.072874
0   2022-11-27 01:00:00  0.000028  0.000027  ...  100.446031  100.556076 -0.110045
0   2022-11-27 02:00:00  0.000028  0.000027  ...  100.474476  100.528876 -0.054400
0   2022-11-27 03:00:00  0.000028  0.000028  ...  100.531912  100.529888  0.002024

[8443 rows x 7 columns]
i= 4 j 2 k 2
                  index     close    closeX  ...        SMA1        EMA1     HISTO
0   2021-12-10 10:00:00  0.000054  0.000075  ...         NaN         NaN       NaN
0   2021-12-10 11:00:00  0.000049  0.000069  ...   71.085186         NaN       NaN
0   2021-12-10 12:00:00  0.000048  0.000072  ...   68.626969   69.446375 -0.819406
0   2021-12-10 13:00:00  0.000044  0.000067  ...   66.623515   67.564468 -0.940953
0   2021-12-10 14:00:00  0.000043  0.000054  ...   72.491484   70.849145  1.642339
..                  ...       ...       ...  ...         ...         ...       ...
0   2022-11-26 23:00:00  0.000027  0.000027  ...  100.367234  100.704094 -0.336860
0   2022-11-27 00:00:00  0.000028  0.000027  ...  100.127100  100.319431 -0.192331
0   2022-11-27 01:00:00  0.000028  0.000028  ...  100.617456  100.518114  0.099342
0   2022-11-27 02:00:00  0.000028  0.000027  ...  100.817668  100.717817  0.099851
0   2022-11-27 03:00:00  0.000028  0.000027  ...  101.149921  101.005886  0.144035

[8442 rows x 7 columns]
i= 4 j 2 k 3
                  index     close    closeX  ...        SMA1        EMA1     HISTO
0   2021-12-10 10:00:00  0.000054  0.000075  ...         NaN         NaN       NaN
0   2021-12-10 11:00:00  0.000049  0.000069  ...   71.085186         NaN       NaN
0   2021-12-10 12:00:00  0.000048  0.000072  ...   68.626969         NaN       NaN
0   2021-12-10 13:00:00  0.000044  0.000067  ...   66.623515   68.239796 -1.616281
0   2021-12-10 14:00:00  0.000043  0.000054  ...   72.491484   70.365640  2.125844
..                  ...       ...       ...  ...         ...         ...       ...
0   2022-11-26 23:00:00  0.000027  0.000027  ...  100.367234  100.835502 -0.468268
0   2022-11-27 00:00:00  0.000028  0.000027  ...  100.127100  100.481301 -0.354201
0   2022-11-27 01:00:00  0.000028  0.000028  ...  100.617456  100.549378  0.068078
0   2022-11-27 02:00:00  0.000028  0.000027  ...  100.817668  100.683523  0.134145
0   2022-11-27 03:00:00  0.000028  0.000027  ...  101.149921  100.916722  0.233199

[8442 rows x 7 columns]
i= 4 j 2 k 4
                  index     close    closeX  ...        SMA1        EMA1     HISTO
0   2021-12-10 10:00:00  0.000054  0.000075  ...         NaN         NaN       NaN
0   2021-12-10 11:00:00  0.000049  0.000069  ...   71.085186         NaN       NaN
0   2021-12-10 12:00:00  0.000048  0.000072  ...   68.626969         NaN       NaN
0   2021-12-10 13:00:00  0.000044  0.000067  ...   66.623515         NaN       NaN
0   2021-12-10 14:00:00  0.000043  0.000054  ...   72.491484   70.222921  2.268563
..                  ...       ...       ...  ...         ...         ...       ...
0   2022-11-26 23:00:00  0.000027  0.000027  ...  100.367234  100.860902 -0.493668
0   2022-11-27 00:00:00  0.000028  0.000027  ...  100.127100  100.567381 -0.440281
0   2022-11-27 01:00:00  0.000028  0.000028  ...  100.617456  100.587411  0.030045
0   2022-11-27 02:00:00  0.000028  0.000027  ...  100.817668  100.679514  0.138154
0   2022-11-27 03:00:00  0.000028  0.000027  ...  101.149921  100.867676  0.282244

[8442 rows x 7 columns]
i= 4 j 2 k 5
                  index     close    closeX  ...        SMA1        EMA1     HISTO
0   2021-12-10 10:00:00  0.000054  0.000075  ...         NaN         NaN       NaN
0   2021-12-10 11:00:00  0.000049  0.000069  ...   71.085186         NaN       NaN
0   2021-12-10 12:00:00  0.000048  0.000072  ...   68.626969         NaN       NaN
0   2021-12-10 13:00:00  0.000044  0.000067  ...   66.623515         NaN       NaN
0   2021-12-10 14:00:00  0.000043  0.000054  ...   72.491484         NaN       NaN
..                  ...       ...       ...  ...         ...         ...       ...
0   2022-11-26 23:00:00  0.000027  0.000027  ...  100.367234  100.838503 -0.471269
0   2022-11-27 00:00:00  0.000028  0.000027  ...  100.127100  100.601368 -0.474268
0   2022-11-27 01:00:00  0.000028  0.000028  ...  100.617456  100.606731  0.010725
0   2022-11-27 02:00:00  0.000028  0.000027  ...  100.817668  100.677043  0.140625
0   2022-11-27 03:00:00  0.000028  0.000027  ...  101.149921  100.834669  0.315252

[8442 rows x 7 columns]
i= 4 j 3 k 2
                  index     close    closeX  ...        SMA1        EMA1     HISTO
0   2021-12-10 10:00:00  0.000054  0.000075  ...         NaN         NaN       NaN
0   2021-12-10 11:00:00  0.000049  0.000069  ...         NaN         NaN       NaN
0   2021-12-10 12:00:00  0.000048  0.000072  ...   69.749539         NaN       NaN
0   2021-12-10 13:00:00  0.000044  0.000067  ...   67.807573   68.454895 -0.647322
0   2021-12-10 14:00:00  0.000043  0.000054  ...   70.687072   69.943013  0.744059
..                  ...       ...       ...  ...         ...         ...       ...
0   2022-11-26 23:00:00  0.000027  0.000027  ...  100.848420  101.017630 -0.169211
0   2022-11-27 00:00:00  0.000028  0.000027  ...  100.366079  100.583263 -0.217184
0   2022-11-27 01:00:00  0.000028  0.000028  ...  100.375114  100.444497 -0.069383
0   2022-11-27 02:00:00  0.000028  0.000027  ...  100.666368  100.592411  0.073957
0   2022-11-27 03:00:00  0.000028  0.000027  ...  101.056995  100.902134  0.154861

[8442 rows x 7 columns]
i= 4 j 3 k 3
                  index     close    closeX  ...        SMA1        EMA1     HISTO
0   2021-12-10 10:00:00  0.000054  0.000075  ...         NaN         NaN       NaN
0   2021-12-10 11:00:00  0.000049  0.000069  ...         NaN         NaN       NaN
0   2021-12-10 12:00:00  0.000048  0.000072  ...   69.749539         NaN       NaN
0   2021-12-10 13:00:00  0.000044  0.000067  ...   67.807573         NaN       NaN
0   2021-12-10 14:00:00  0.000043  0.000054  ...   70.687072   69.732814  0.954258
..                  ...       ...       ...  ...         ...         ...       ...
0   2022-11-26 23:00:00  0.000027  0.000027  ...  100.848420  101.042672 -0.194253
0   2022-11-27 00:00:00  0.000028  0.000027  ...  100.366079  100.704375 -0.338297
0   2022-11-27 01:00:00  0.000028  0.000028  ...  100.375114  100.539745 -0.164631
0   2022-11-27 02:00:00  0.000028  0.000027  ...  100.666368  100.603056  0.063312
0   2022-11-27 03:00:00  0.000028  0.000027  ...  101.056995  100.830026  0.226969

[8442 rows x 7 columns]
i= 4 j 3 k 4
                  index     close    closeX  ...        SMA1        EMA1     HISTO
0   2021-12-10 10:00:00  0.000054  0.000075  ...         NaN         NaN       NaN
0   2021-12-10 11:00:00  0.000049  0.000069  ...         NaN         NaN       NaN
0   2021-12-10 12:00:00  0.000048  0.000072  ...   69.749539         NaN       NaN
0   2021-12-10 13:00:00  0.000044  0.000067  ...   67.807573         NaN       NaN
0   2021-12-10 14:00:00  0.000043  0.000054  ...   70.687072         NaN       NaN
..                  ...       ...       ...  ...         ...         ...       ...
0   2022-11-26 23:00:00  0.000027  0.000027  ...  100.848420  100.999437 -0.151017
0   2022-11-27 00:00:00  0.000028  0.000027  ...  100.366079  100.746094 -0.380015
0   2022-11-27 01:00:00  0.000028  0.000028  ...  100.375114  100.597702 -0.222588
0   2022-11-27 02:00:00  0.000028  0.000027  ...  100.666368  100.625168  0.041200
0   2022-11-27 03:00:00  0.000028  0.000027  ...  101.056995  100.797899  0.259096

[8442 rows x 7 columns]
i= 4 j 3 k 5
                  index     close    closeX  ...        SMA1        EMA1     HISTO
0   2021-12-10 10:00:00  0.000054  0.000075  ...         NaN         NaN       NaN
0   2021-12-10 11:00:00  0.000049  0.000069  ...         NaN         NaN       NaN
0   2021-12-10 12:00:00  0.000048  0.000072  ...   69.749539         NaN       NaN
0   2021-12-10 13:00:00  0.000044  0.000067  ...   67.807573         NaN       NaN
0   2021-12-10 14:00:00  0.000043  0.000054  ...   70.687072         NaN       NaN
..                  ...       ...       ...  ...         ...         ...       ...
0   2022-11-26 23:00:00  0.000027  0.000027  ...  100.848420  100.932387 -0.083968
0   2022-11-27 00:00:00  0.000028  0.000027  ...  100.366079  100.743618 -0.377539
0   2022-11-27 01:00:00  0.000028  0.000028  ...  100.375114  100.620783 -0.245669
0   2022-11-27 02:00:00  0.000028  0.000027  ...  100.666368  100.635978  0.030390
0   2022-11-27 03:00:00  0.000028  0.000027  ...  101.056995  100.776317  0.280678

[8442 rows x 7 columns]
i= 4 j 4 k 2
                  index     close    closeX  ...        SMA1        EMA1     HISTO
0   2021-12-10 10:00:00  0.000054  0.000075  ...         NaN         NaN       NaN
0   2021-12-10 11:00:00  0.000049  0.000069  ...         NaN         NaN       NaN
0   2021-12-10 12:00:00  0.000048  0.000072  ...         NaN         NaN       NaN
0   2021-12-10 13:00:00  0.000044  0.000067  ...   68.854350         NaN       NaN
0   2021-12-10 14:00:00  0.000043  0.000054  ...   70.559226   69.990934  0.568292
..                  ...       ...       ...  ...         ...         ...       ...
0   2022-11-26 23:00:00  0.000027  0.000027  ...  101.005455  101.091355 -0.085900
0   2022-11-27 00:00:00  0.000028  0.000027  ...  100.727257  100.848623 -0.121366
0   2022-11-27 01:00:00  0.000028  0.000028  ...  100.492345  100.611104 -0.118759
0   2022-11-27 02:00:00  0.000028  0.000027  ...  100.472384  100.518624 -0.046240
0   2022-11-27 03:00:00  0.000028  0.000027  ...  100.883688  100.762000  0.121688

[8442 rows x 7 columns]
i= 4 j 4 k 3
                  index     close    closeX  ...        SMA1        EMA1     HISTO
0   2021-12-10 10:00:00  0.000054  0.000075  ...         NaN         NaN       NaN
0   2021-12-10 11:00:00  0.000049  0.000069  ...         NaN         NaN       NaN
0   2021-12-10 12:00:00  0.000048  0.000072  ...         NaN         NaN       NaN
0   2021-12-10 13:00:00  0.000044  0.000067  ...   68.854350         NaN       NaN
0   2021-12-10 14:00:00  0.000043  0.000054  ...   70.559226         NaN       NaN
..                  ...       ...       ...  ...         ...         ...       ...
0   2022-11-26 23:00:00  0.000027  0.000027  ...  101.005455  101.057813 -0.052359
0   2022-11-27 00:00:00  0.000028  0.000027  ...  100.727257  100.892535 -0.165278
0   2022-11-27 01:00:00  0.000028  0.000028  ...  100.492345  100.692440 -0.200095
0   2022-11-27 02:00:00  0.000028  0.000027  ...  100.472384  100.582412 -0.110028
0   2022-11-27 03:00:00  0.000028  0.000027  ...  100.883688  100.733050  0.150638

[8442 rows x 7 columns]
i= 4 j 4 k 4
                  index     close    closeX  ...        SMA1        EMA1     HISTO
0   2021-12-10 10:00:00  0.000054  0.000075  ...         NaN         NaN       NaN
0   2021-12-10 11:00:00  0.000049  0.000069  ...         NaN         NaN       NaN
0   2021-12-10 12:00:00  0.000048  0.000072  ...         NaN         NaN       NaN
0   2021-12-10 13:00:00  0.000044  0.000067  ...   68.854350         NaN       NaN
0   2021-12-10 14:00:00  0.000043  0.000054  ...   70.559226         NaN       NaN
..                  ...       ...       ...  ...         ...         ...       ...
0   2022-11-26 23:00:00  0.000027  0.000027  ...  101.005455  100.979657  0.025797
0   2022-11-27 00:00:00  0.000028  0.000027  ...  100.727257  100.878697 -0.151440
0   2022-11-27 01:00:00  0.000028  0.000028  ...  100.492345  100.724156 -0.231811
0   2022-11-27 02:00:00  0.000028  0.000027  ...  100.472384  100.623447 -0.151064
0   2022-11-27 03:00:00  0.000028  0.000027  ...  100.883688  100.727544  0.156145

[8442 rows x 7 columns]
i= 4 j 4 k 5
                  index     close    closeX  ...        SMA1        EMA1     HISTO
0   2021-12-10 10:00:00  0.000054  0.000075  ...         NaN         NaN       NaN
0   2021-12-10 11:00:00  0.000049  0.000069  ...         NaN         NaN       NaN
0   2021-12-10 12:00:00  0.000048  0.000072  ...         NaN         NaN       NaN
0   2021-12-10 13:00:00  0.000044  0.000067  ...   68.854350         NaN       NaN
0   2021-12-10 14:00:00  0.000043  0.000054  ...   70.559226         NaN       NaN
..                  ...       ...       ...  ...         ...         ...       ...
0   2022-11-26 23:00:00  0.000027  0.000027  ...  101.005455  100.893001  0.112454
0   2022-11-27 00:00:00  0.000028  0.000027  ...  100.727257  100.837753 -0.110496
0   2022-11-27 01:00:00  0.000028  0.000028  ...  100.492345  100.722617 -0.230272
0   2022-11-27 02:00:00  0.000028  0.000027  ...  100.472384  100.639206 -0.166822
0   2022-11-27 03:00:00  0.000028  0.000027  ...  100.883688  100.720700  0.162988

[8442 rows x 7 columns]
i= 4 j 5 k 2
                  index     close    closeX  ...        SMA1        EMA1     HISTO
0   2021-12-10 10:00:00  0.000054  0.000075  ...         NaN         NaN       NaN
0   2021-12-10 11:00:00  0.000049  0.000069  ...         NaN         NaN       NaN
0   2021-12-10 12:00:00  0.000048  0.000072  ...         NaN         NaN       NaN
0   2021-12-10 13:00:00  0.000044  0.000067  ...         NaN         NaN       NaN
0   2021-12-10 14:00:00  0.000043  0.000054  ...   70.846317         NaN       NaN
..                  ...       ...       ...  ...         ...         ...       ...
0   2022-11-26 23:00:00  0.000027  0.000027  ...  101.055843  101.069977 -0.014134
0   2022-11-27 00:00:00  0.000028  0.000027  ...  100.877117  100.941404 -0.064287
0   2022-11-27 01:00:00  0.000028  0.000028  ...  100.756034  100.817824 -0.061790
0   2022-11-27 02:00:00  0.000028  0.000027  ...  100.546714  100.637084 -0.090370
0   2022-11-27 03:00:00  0.000028  0.000027  ...  100.685037  100.669053  0.015984

[8442 rows x 7 columns]
i= 4 j 5 k 3
                  index     close    closeX  ...        SMA1        EMA1     HISTO
0   2021-12-10 10:00:00  0.000054  0.000075  ...         NaN         NaN       NaN
0   2021-12-10 11:00:00  0.000049  0.000069  ...         NaN         NaN       NaN
0   2021-12-10 12:00:00  0.000048  0.000072  ...         NaN         NaN       NaN
0   2021-12-10 13:00:00  0.000044  0.000067  ...         NaN         NaN       NaN
0   2021-12-10 14:00:00  0.000043  0.000054  ...   70.846317         NaN       NaN
..                  ...       ...       ...  ...         ...         ...       ...
0   2022-11-26 23:00:00  0.000027  0.000027  ...  101.055843  100.992233  0.063610
0   2022-11-27 00:00:00  0.000028  0.000027  ...  100.877117  100.934675 -0.057558
0   2022-11-27 01:00:00  0.000028  0.000028  ...  100.756034  100.845355 -0.089321
0   2022-11-27 02:00:00  0.000028  0.000027  ...  100.546714  100.696035 -0.149320
0   2022-11-27 03:00:00  0.000028  0.000027  ...  100.685037  100.690536 -0.005499

[8442 rows x 7 columns]
i= 4 j 5 k 4
                  index     close    closeX  ...        SMA1        EMA1     HISTO
0   2021-12-10 10:00:00  0.000054  0.000075  ...         NaN         NaN       NaN
0   2021-12-10 11:00:00  0.000049  0.000069  ...         NaN         NaN       NaN
0   2021-12-10 12:00:00  0.000048  0.000072  ...         NaN         NaN       NaN
0   2021-12-10 13:00:00  0.000044  0.000067  ...         NaN         NaN       NaN
0   2021-12-10 14:00:00  0.000043  0.000054  ...   70.846317         NaN       NaN
..                  ...       ...       ...  ...         ...         ...       ...
0   2022-11-26 23:00:00  0.000027  0.000027  ...  101.055843  100.893624  0.162219
0   2022-11-27 00:00:00  0.000028  0.000027  ...  100.877117  100.887022 -0.009904
0   2022-11-27 01:00:00  0.000028  0.000028  ...  100.756034  100.834627 -0.078592
0   2022-11-27 02:00:00  0.000028  0.000027  ...  100.546714  100.719462 -0.172747
0   2022-11-27 03:00:00  0.000028  0.000027  ...  100.685037  100.705692 -0.020655

[8442 rows x 7 columns]
i= 4 j 5 k 5
                  index     close    closeX  ...        SMA1        EMA1     HISTO
0   2021-12-10 10:00:00  0.000054  0.000075  ...         NaN         NaN       NaN
0   2021-12-10 11:00:00  0.000049  0.000069  ...         NaN         NaN       NaN
0   2021-12-10 12:00:00  0.000048  0.000072  ...         NaN         NaN       NaN
0   2021-12-10 13:00:00  0.000044  0.000067  ...         NaN         NaN       NaN
0   2021-12-10 14:00:00  0.000043  0.000054  ...   70.846317         NaN       NaN
..                  ...       ...       ...  ...         ...         ...       ...
0   2022-11-26 23:00:00  0.000027  0.000027  ...  101.055843  100.799196  0.256646
0   2022-11-27 00:00:00  0.000028  0.000027  ...  100.877117  100.825170  0.051947
0   2022-11-27 01:00:00  0.000028  0.000028  ...  100.756034  100.802125 -0.046091
0   2022-11-27 02:00:00  0.000028  0.000027  ...  100.546714  100.716988 -0.170274
0   2022-11-27 03:00:00  0.000028  0.000027  ...  100.685037  100.706338 -0.021301

[8442 rows x 7 columns]
i= 5 j 2 k 2
                  index     close    closeX  ...        SMA1        EMA1     HISTO
0   2021-12-10 11:00:00  0.000049  0.000075  ...         NaN         NaN       NaN
0   2021-12-10 12:00:00  0.000048  0.000069  ...   67.214494         NaN       NaN
0   2021-12-10 13:00:00  0.000044  0.000072  ...   65.543973   66.100813 -0.556840
0   2021-12-10 14:00:00  0.000043  0.000067  ...   62.596810   63.764811 -1.168001
0   2021-12-10 15:00:00  0.000039  0.000054  ...   68.180327   66.708488  1.471839
..                  ...       ...       ...  ...         ...         ...       ...
0   2022-11-26 23:00:00  0.000027  0.000027  ...  100.959539  101.168366 -0.208826
0   2022-11-27 00:00:00  0.000028  0.000027  ...  100.566978  100.767440 -0.200463
0   2022-11-27 01:00:00  0.000028  0.000027  ...  100.929145  100.875243  0.053901
0   2022-11-27 02:00:00  0.000028  0.000028  ...  100.799736  100.824905 -0.025169
0   2022-11-27 03:00:00  0.000028  0.000027  ...  100.781740  100.796128 -0.014388

[8441 rows x 7 columns]
i= 5 j 2 k 3
                  index     close    closeX  ...        SMA1        EMA1     HISTO
0   2021-12-10 11:00:00  0.000049  0.000075  ...         NaN         NaN       NaN
0   2021-12-10 12:00:00  0.000048  0.000069  ...   67.214494         NaN       NaN
0   2021-12-10 13:00:00  0.000044  0.000072  ...   65.543973         NaN       NaN
0   2021-12-10 14:00:00  0.000043  0.000067  ...   62.596810   64.488022 -1.891212
0   2021-12-10 15:00:00  0.000039  0.000054  ...   68.180327   66.334174  1.846153
..                  ...       ...       ...  ...         ...         ...       ...
0   2022-11-26 23:00:00  0.000027  0.000027  ...  100.959539  101.205148 -0.245609
0   2022-11-27 00:00:00  0.000028  0.000027  ...  100.566978  100.886063 -0.319085
0   2022-11-27 01:00:00  0.000028  0.000027  ...  100.929145  100.907604  0.021541
0   2022-11-27 02:00:00  0.000028  0.000028  ...  100.799736  100.853670 -0.053934
0   2022-11-27 03:00:00  0.000028  0.000027  ...  100.781740  100.817705 -0.035965

[8441 rows x 7 columns]
i= 5 j 2 k 4
                  index     close    closeX  ...        SMA1        EMA1     HISTO
0   2021-12-10 11:00:00  0.000049  0.000075  ...         NaN         NaN       NaN
0   2021-12-10 12:00:00  0.000048  0.000069  ...   67.214494         NaN       NaN
0   2021-12-10 13:00:00  0.000044  0.000072  ...   65.543973         NaN       NaN
0   2021-12-10 14:00:00  0.000043  0.000067  ...   62.596810         NaN       NaN
0   2021-12-10 15:00:00  0.000039  0.000054  ...   68.180327   66.252028  1.928299
..                  ...       ...       ...  ...         ...         ...       ...
0   2022-11-26 23:00:00  0.000027  0.000027  ...  100.959539  101.160536 -0.200997
0   2022-11-27 00:00:00  0.000028  0.000027  ...  100.566978  100.923113 -0.356135
0   2022-11-27 01:00:00  0.000028  0.000027  ...  100.929145  100.925525  0.003619
0   2022-11-27 02:00:00  0.000028  0.000028  ...  100.799736  100.875210 -0.075473
0   2022-11-27 03:00:00  0.000028  0.000027  ...  100.781740  100.837822 -0.056082

[8441 rows x 7 columns]
i= 5 j 2 k 5
                  index     close    closeX  ...        SMA1        EMA1     HISTO
0   2021-12-10 11:00:00  0.000049  0.000075  ...         NaN         NaN       NaN
0   2021-12-10 12:00:00  0.000048  0.000069  ...   67.214494         NaN       NaN
0   2021-12-10 13:00:00  0.000044  0.000072  ...   65.543973         NaN       NaN
0   2021-12-10 14:00:00  0.000043  0.000067  ...   62.596810         NaN       NaN
0   2021-12-10 15:00:00  0.000039  0.000054  ...   68.180327         NaN       NaN
..                  ...       ...       ...  ...         ...         ...       ...
0   2022-11-26 23:00:00  0.000027  0.000027  ...  100.959539  101.086315 -0.126776
0   2022-11-27 00:00:00  0.000028  0.000027  ...  100.566978  100.913203 -0.346225
0   2022-11-27 01:00:00  0.000028  0.000027  ...  100.929145  100.918517  0.010628
0   2022-11-27 02:00:00  0.000028  0.000028  ...  100.799736  100.878923 -0.079187
0   2022-11-27 03:00:00  0.000028  0.000027  ...  100.781740  100.846529 -0.064789

[8441 rows x 7 columns]
i= 5 j 3 k 2
                  index     close    closeX  ...        SMA1        EMA1     HISTO
0   2021-12-10 11:00:00  0.000049  0.000075  ...         NaN         NaN       NaN
0   2021-12-10 12:00:00  0.000048  0.000069  ...         NaN         NaN       NaN
0   2021-12-10 13:00:00  0.000044  0.000072  ...   65.296159         NaN       NaN
0   2021-12-10 14:00:00  0.000043  0.000067  ...   64.940692   65.059181 -0.118489
0   2021-12-10 15:00:00  0.000039  0.000054  ...   65.940048   65.646425  0.293622
..                  ...       ...       ...  ...         ...         ...       ...
0   2022-11-26 23:00:00  0.000027  0.000027  ...  101.205707  101.313235 -0.107527
0   2022-11-27 00:00:00  0.000028  0.000027  ...  100.895354  101.034648 -0.139294
0   2022-11-27 01:00:00  0.000028  0.000027  ...  100.741754  100.839385 -0.097631
0   2022-11-27 02:00:00  0.000028  0.000028  ...  100.788819  100.805674 -0.016855
0   2022-11-27 03:00:00  0.000028  0.000027  ...  100.884929  100.858510  0.026418

[8441 rows x 7 columns]
i= 5 j 3 k 3
                  index     close    closeX  ...        SMA1        EMA1     HISTO
0   2021-12-10 11:00:00  0.000049  0.000075  ...         NaN         NaN       NaN
0   2021-12-10 12:00:00  0.000048  0.000069  ...         NaN         NaN       NaN
0   2021-12-10 13:00:00  0.000044  0.000072  ...   65.296159         NaN       NaN
0   2021-12-10 14:00:00  0.000043  0.000067  ...   64.940692         NaN       NaN
0   2021-12-10 15:00:00  0.000039  0.000054  ...   65.940048   65.529237  0.410811
..                  ...       ...       ...  ...         ...         ...       ...
0   2022-11-26 23:00:00  0.000027  0.000027  ...  101.205707  101.275757 -0.070050
0   2022-11-27 00:00:00  0.000028  0.000027  ...  100.895354  101.085556 -0.190202
0   2022-11-27 01:00:00  0.000028  0.000027  ...  100.741754  100.913655 -0.171901
0   2022-11-27 02:00:00  0.000028  0.000028  ...  100.788819  100.851237 -0.062418
0   2022-11-27 03:00:00  0.000028  0.000027  ...  100.884929  100.868083  0.016846

[8441 rows x 7 columns]
i= 5 j 3 k 4
                  index     close    closeX  ...        SMA1        EMA1     HISTO
0   2021-12-10 11:00:00  0.000049  0.000075  ...         NaN         NaN       NaN
0   2021-12-10 12:00:00  0.000048  0.000069  ...         NaN         NaN       NaN
0   2021-12-10 13:00:00  0.000044  0.000072  ...   65.296159         NaN       NaN
0   2021-12-10 14:00:00  0.000043  0.000067  ...   64.940692         NaN       NaN
0   2021-12-10 15:00:00  0.000039  0.000054  ...   65.940048         NaN       NaN
..                  ...       ...       ...  ...         ...         ...       ...
0   2022-11-26 23:00:00  0.000027  0.000027  ...  101.205707  101.183738  0.021970
0   2022-11-27 00:00:00  0.000028  0.000027  ...  100.895354  101.068384 -0.173030
0   2022-11-27 01:00:00  0.000028  0.000027  ...  100.741754  100.937732 -0.195978
0   2022-11-27 02:00:00  0.000028  0.000028  ...  100.788819  100.878167 -0.089348
0   2022-11-27 03:00:00  0.000028  0.000027  ...  100.884929  100.880871  0.004057

[8441 rows x 7 columns]
i= 5 j 3 k 5
                  index     close    closeX  ...        SMA1        EMA1     HISTO
0   2021-12-10 11:00:00  0.000049  0.000075  ...         NaN         NaN       NaN
0   2021-12-10 12:00:00  0.000048  0.000069  ...         NaN         NaN       NaN
0   2021-12-10 13:00:00  0.000044  0.000072  ...   65.296159         NaN       NaN
0   2021-12-10 14:00:00  0.000043  0.000067  ...   64.940692         NaN       NaN
0   2021-12-10 15:00:00  0.000039  0.000054  ...   65.940048         NaN       NaN
..                  ...       ...       ...  ...         ...         ...       ...
0   2022-11-26 23:00:00  0.000027  0.000027  ...  101.205707  101.080618  0.125090
0   2022-11-27 00:00:00  0.000028  0.000027  ...  100.895354  101.018863 -0.123509
0   2022-11-27 01:00:00  0.000028  0.000027  ...  100.741754  100.926493 -0.184740
0   2022-11-27 02:00:00  0.000028  0.000028  ...  100.788819  100.880602 -0.091783
0   2022-11-27 03:00:00  0.000028  0.000027  ...  100.884929  100.882044  0.002885

[8441 rows x 7 columns]
i= 5 j 4 k 2
                  index     close    closeX  ...        SMA1        EMA1     HISTO
0   2021-12-10 11:00:00  0.000049  0.000075  ...         NaN         NaN       NaN
0   2021-12-10 12:00:00  0.000048  0.000069  ...         NaN         NaN       NaN
0   2021-12-10 13:00:00  0.000044  0.000072  ...         NaN         NaN       NaN
0   2021-12-10 14:00:00  0.000043  0.000067  ...   64.905652         NaN       NaN
0   2021-12-10 15:00:00  0.000039  0.000054  ...   66.862150   66.209984  0.652166
..                  ...       ...       ...  ...         ...         ...       ...
0   2022-11-26 23:00:00  0.000027  0.000027  ...  101.320331  101.338134 -0.017803
0   2022-11-27 00:00:00  0.000028  0.000027  ...  101.096026  101.176729 -0.080703
0   2022-11-27 01:00:00  0.000028  0.000027  ...  100.944342  101.021804 -0.077462
0   2022-11-27 02:00:00  0.000028  0.000028  ...  100.683357  100.796173 -0.112816
0   2022-11-27 03:00:00  0.000028  0.000027  ...  100.855442  100.835686  0.019756

[8441 rows x 7 columns]
i= 5 j 4 k 3
                  index     close    closeX  ...        SMA1        EMA1     HISTO
0   2021-12-10 11:00:00  0.000049  0.000075  ...         NaN         NaN       NaN
0   2021-12-10 12:00:00  0.000048  0.000069  ...         NaN         NaN       NaN
0   2021-12-10 13:00:00  0.000044  0.000072  ...         NaN         NaN       NaN
0   2021-12-10 14:00:00  0.000043  0.000067  ...   64.905652         NaN       NaN
0   2021-12-10 15:00:00  0.000039  0.000054  ...   66.862150         NaN       NaN
..                  ...       ...       ...  ...         ...         ...       ...
0   2022-11-26 23:00:00  0.000027  0.000027  ...  101.320331  101.240794  0.079537
0   2022-11-27 00:00:00  0.000028  0.000027  ...  101.096026  101.168410 -0.072384
0   2022-11-27 01:00:00  0.000028  0.000027  ...  100.944342  101.056376 -0.112034
0   2022-11-27 02:00:00  0.000028  0.000028  ...  100.683357  100.869867 -0.186510
0   2022-11-27 03:00:00  0.000028  0.000027  ...  100.855442  100.862654 -0.007212

[8441 rows x 7 columns]
i= 5 j 4 k 4
                  index     close    closeX  ...        SMA1        EMA1     HISTO
0   2021-12-10 11:00:00  0.000049  0.000075  ...         NaN         NaN       NaN
0   2021-12-10 12:00:00  0.000048  0.000069  ...         NaN         NaN       NaN
0   2021-12-10 13:00:00  0.000044  0.000072  ...         NaN         NaN       NaN
0   2021-12-10 14:00:00  0.000043  0.000067  ...   64.905652         NaN       NaN
0   2021-12-10 15:00:00  0.000039  0.000054  ...   66.862150         NaN       NaN
..                  ...       ...       ...  ...         ...         ...       ...
0   2022-11-26 23:00:00  0.000027  0.000027  ...  101.320331  101.117355  0.202976
0   2022-11-27 00:00:00  0.000028  0.000027  ...  101.096026  101.108823 -0.012797
0   2022-11-27 01:00:00  0.000028  0.000027  ...  100.944342  101.043031 -0.098689
0   2022-11-27 02:00:00  0.000028  0.000028  ...  100.683357  100.899161 -0.215804
0   2022-11-27 03:00:00  0.000028  0.000027  ...  100.855442  100.881674 -0.026231

[8441 rows x 7 columns]
i= 5 j 4 k 5
                  index     close    closeX  ...        SMA1        EMA1     HISTO
0   2021-12-10 11:00:00  0.000049  0.000075  ...         NaN         NaN       NaN
0   2021-12-10 12:00:00  0.000048  0.000069  ...         NaN         NaN       NaN
0   2021-12-10 13:00:00  0.000044  0.000072  ...         NaN         NaN       NaN
0   2021-12-10 14:00:00  0.000043  0.000067  ...   64.905652         NaN       NaN
0   2021-12-10 15:00:00  0.000039  0.000054  ...   66.862150         NaN       NaN
..                  ...       ...       ...  ...         ...         ...       ...
0   2022-11-26 23:00:00  0.000027  0.000027  ...  101.320331  100.999166  0.321165
0   2022-11-27 00:00:00  0.000028  0.000027  ...  101.096026  101.031453  0.064573
0   2022-11-27 01:00:00  0.000028  0.000027  ...  100.944342  101.002416 -0.058074
0   2022-11-27 02:00:00  0.000028  0.000028  ...  100.683357  100.896063 -0.212706
0   2022-11-27 03:00:00  0.000028  0.000027  ...  100.855442  100.882523 -0.027081

[8441 rows x 7 columns]
i= 5 j 5 k 2
                  index     close    closeX  ...        SMA1        EMA1     HISTO
0   2021-12-10 11:00:00  0.000049  0.000075  ...         NaN         NaN       NaN
0   2021-12-10 12:00:00  0.000048  0.000069  ...         NaN         NaN       NaN
0   2021-12-10 13:00:00  0.000044  0.000072  ...         NaN         NaN       NaN
0   2021-12-10 14:00:00  0.000043  0.000067  ...         NaN         NaN       NaN
0   2021-12-10 15:00:00  0.000039  0.000054  ...   66.449826         NaN       NaN
..                  ...       ...       ...  ...         ...         ...       ...
0   2022-11-26 23:00:00  0.000027  0.000027  ...  101.345261  101.252527  0.092734
0   2022-11-27 00:00:00  0.000028  0.000027  ...  101.209661  101.223950 -0.014289
0   2022-11-27 01:00:00  0.000028  0.000027  ...  101.095082  101.138038 -0.042956
0   2022-11-27 02:00:00  0.000028  0.000028  ...  100.857107  100.950751 -0.093644
0   2022-11-27 03:00:00  0.000028  0.000027  ...  100.757748  100.822082 -0.064334

[8441 rows x 7 columns]
i= 5 j 5 k 3
                  index     close    closeX  ...        SMA1        EMA1     HISTO
0   2021-12-10 11:00:00  0.000049  0.000075  ...         NaN         NaN       NaN
0   2021-12-10 12:00:00  0.000048  0.000069  ...         NaN         NaN       NaN
0   2021-12-10 13:00:00  0.000044  0.000072  ...         NaN         NaN       NaN
0   2021-12-10 14:00:00  0.000043  0.000067  ...         NaN         NaN       NaN
0   2021-12-10 15:00:00  0.000039  0.000054  ...   66.449826         NaN       NaN
..                  ...       ...       ...  ...         ...         ...       ...
0   2022-11-26 23:00:00  0.000027  0.000027  ...  101.345261  101.114157  0.231103
0   2022-11-27 00:00:00  0.000028  0.000027  ...  101.209661  101.161909  0.047752
0   2022-11-27 01:00:00  0.000028  0.000027  ...  101.095082  101.128496 -0.033413
0   2022-11-27 02:00:00  0.000028  0.000028  ...  100.857107  100.992801 -0.135694
0   2022-11-27 03:00:00  0.000028  0.000027  ...  100.757748  100.875275 -0.117527

[8441 rows x 7 columns]
i= 5 j 5 k 4
                  index     close    closeX  ...        SMA1        EMA1     HISTO
0   2021-12-10 11:00:00  0.000049  0.000075  ...         NaN         NaN       NaN
0   2021-12-10 12:00:00  0.000048  0.000069  ...         NaN         NaN       NaN
0   2021-12-10 13:00:00  0.000044  0.000072  ...         NaN         NaN       NaN
0   2021-12-10 14:00:00  0.000043  0.000067  ...         NaN         NaN       NaN
0   2021-12-10 15:00:00  0.000039  0.000054  ...   66.449826         NaN       NaN
..                  ...       ...       ...  ...         ...         ...       ...
0   2022-11-26 23:00:00  0.000027  0.000027  ...  101.345261  100.978059  0.367202
0   2022-11-27 00:00:00  0.000028  0.000027  ...  101.209661  101.070700  0.138962
0   2022-11-27 01:00:00  0.000028  0.000027  ...  101.095082  101.080453  0.014630
0   2022-11-27 02:00:00  0.000028  0.000028  ...  100.857107  100.991114 -0.134007
0   2022-11-27 03:00:00  0.000028  0.000027  ...  100.757748  100.897768 -0.140020

[8441 rows x 7 columns]
i= 5 j 5 k 5
                  index     close    closeX  ...        SMA1        EMA1     HISTO
0   2021-12-10 11:00:00  0.000049  0.000075  ...         NaN         NaN       NaN
0   2021-12-10 12:00:00  0.000048  0.000069  ...         NaN         NaN       NaN
0   2021-12-10 13:00:00  0.000044  0.000072  ...         NaN         NaN       NaN
0   2021-12-10 14:00:00  0.000043  0.000067  ...         NaN         NaN       NaN
0   2021-12-10 15:00:00  0.000039  0.000054  ...   66.449826         NaN       NaN
..                  ...       ...       ...  ...         ...         ...       ...
0   2022-11-26 23:00:00  0.000027  0.000027  ...  101.345261  100.859357  0.485904
0   2022-11-27 00:00:00  0.000028  0.000027  ...  101.209661  100.976125  0.233537
0   2022-11-27 01:00:00  0.000028  0.000027  ...  101.095082  101.015777  0.079305
0   2022-11-27 02:00:00  0.000028  0.000028  ...  100.857107  100.962887 -0.105780
0   2022-11-27 03:00:00  0.000028  0.000027  ...  100.757748  100.894508 -0.136759

[8441 rows x 7 columns]
